ERROR2019/02/01 09:03:50 listing13.go:35: Something has failed
ERROR:2019/02/01 09:06:35 listing13.go:35: Something has failed
ERROR:2019/02/01 09:07:48 listing13.go:35: Something has failed
